// Jest Snapshot v1, https://goo.gl/fbAQLP

exports[`<JSONModal /> spec renders the component 1`] = `
<div
  class="euiOverlayMask euiOverlayMask--aboveHeader"
>
  <div
    aria-hidden="true"
    data-aria-hidden="true"
    data-focus-guard="true"
    style="width: 1px; height: 0px; padding: 0px; overflow: hidden; position: fixed; top: 1px; left: 1px;"
    tabindex="0"
  />
  <div
    data-focus-lock-disabled="false"
  >
    <div
      class="euiModal euiModal--maxWidth-default"
      tabindex="0"
    >
      <button
        aria-label="Closes this modal window"
        class="euiButtonIcon euiButtonIcon--text euiButtonIcon--empty euiButtonIcon--xSmall euiModal__closeIcon"
        type="button"
      >
        EuiIconMock
      </button>
      <div
        class="euiModal__flex"
      >
        <div
          class="euiModalHeader"
        >
          <div
            class="euiModalHeader__title"
          >
            Some modal title
          </div>
        </div>
        <div
          class="euiModalBody"
        >
          <div
            class="euiModalBody__overflow"
          >
            <div
              class="euiCodeBlock euiCodeBlock--fontMedium euiCodeBlock--paddingMedium euiCodeBlock--hasControls prismjs language-json"
            >
              <pre
                class="euiCodeBlock__pre euiCodeBlock__pre--whiteSpacePreWrap"
                tabindex="-1"
              >
                <code
                  class="euiCodeBlock__code json"
                >
                  <span
                    class="euiCodeBlock__line"
                  >
                    <span
                      class="token punctuation"
                    >
                      {
                    </span>
                    

                  </span>
                  <span
                    class="euiCodeBlock__line"
                  >
                        
                    <span
                      class="token property"
                    >
                      "destination"
                    </span>
                    <span
                      class="token operator"
                    >
                      :
                    </span>
                     
                    <span
                      class="token punctuation"
                    >
                      {
                    </span>
                    

                  </span>
                  <span
                    class="euiCodeBlock__line"
                  >
                            
                    <span
                      class="token property"
                    >
                      "slack"
                    </span>
                    <span
                      class="token operator"
                    >
                      :
                    </span>
                     
                    <span
                      class="token punctuation"
                    >
                      {
                    </span>
                    

                  </span>
                  <span
                    class="euiCodeBlock__line"
                  >
                                
                    <span
                      class="token property"
                    >
                      "url"
                    </span>
                    <span
                      class="token operator"
                    >
                      :
                    </span>
                     
                    <span
                      class="token string"
                    >
                      "&lt;url&gt;"
                    </span>
                    

                  </span>
                  <span
                    class="euiCodeBlock__line"
                  >
                            
                    <span
                      class="token punctuation"
                    >
                      }
                    </span>
                    

                  </span>
                  <span
                    class="euiCodeBlock__line"
                  >
                        
                    <span
                      class="token punctuation"
                    >
                      }
                    </span>
                    <span
                      class="token punctuation"
                    >
                      ,
                    </span>
                    

                  </span>
                  <span
                    class="euiCodeBlock__line"
                  >
                        
                    <span
                      class="token property"
                    >
                      "message_template"
                    </span>
                    <span
                      class="token operator"
                    >
                      :
                    </span>
                     
                    <span
                      class="token punctuation"
                    >
                      {
                    </span>
                    

                  </span>
                  <span
                    class="euiCodeBlock__line"
                  >
                            
                    <span
                      class="token property"
                    >
                      "source"
                    </span>
                    <span
                      class="token operator"
                    >
                      :
                    </span>
                     
                    <span
                      class="token string"
                    >
                      "The index {{ctx.index}} failed during policy execution."
                    </span>
                    

                  </span>
                  <span
                    class="euiCodeBlock__line"
                  >
                        
                    <span
                      class="token punctuation"
                    >
                      }
                    </span>
                    

                  </span>
                  <span
                    class="euiCodeBlock__line"
                  >
                    
                    <span
                      class="token punctuation"
                    >
                      }
                    </span>
                  </span>
                </code>
              </pre>
              <div
                class="euiCodeBlock__controls"
              >
                <div
                  class="euiCodeBlock__copyButton"
                >
                  <span
                    class="euiToolTipAnchor"
                  >
                    <button
                      aria-label="Copy"
                      class="euiButtonIcon euiButtonIcon--text euiButtonIcon--empty euiButtonIcon--xSmall"
                      type="button"
                    >
                      EuiIconMock
                    </button>
                  </span>
                </div>
              </div>
            </div>
          </div>
        </div>
        <div
          class="euiModalFooter"
        >
          <button
            class="euiButtonEmpty euiButtonEmpty--primary"
            data-test-subj="jsonModalCloseButton"
            type="button"
          >
            <span
              class="euiButtonContent euiButtonEmpty__content"
            >
              <span
                class="euiButtonEmpty__text"
              >
                Close
              </span>
            </span>
          </button>
        </div>
      </div>
    </div>
  </div>
  <div
    aria-hidden="true"
    data-aria-hidden="true"
    data-focus-guard="true"
    style="width: 1px; height: 0px; padding: 0px; overflow: hidden; position: fixed; top: 1px; left: 1px;"
    tabindex="0"
  />
</div>
`;
